MAP
  NAME "Saint_Etienne_Waste_PostGIS_Visualization"
  STATUS ON
  SIZE 800 600
  EXTENT 4.0827800404153365 45.1683534934951112 4.7741824507896871 45.7287892804703446
  UNITS DD
  CONFIG "MS_ERRORFILE" "/home/dan/wastemanagement-project/error_log.txt"
  DEBUG 5
  PROJECTION
    "init=epsg:4326"
  END

  WEB
    METADATA
      "wms_title" "Saint_Etienne_Waste_PostGIS_Visualization"
      "wms_onlineresource" "http://localhost/cgi-bin/mapserv?map=/home/dan/wastemanagement-project/postgis_data_visualization.map"
      "wms_srs" "EPSG:2154 EPSG:4326 EPSG:3857"
      "wfs_getfeature_formatlist" "GML2,GML3,geojson"
      "ows_enable_request" "*"
    END
  END

  OUTPUTFORMAT
    NAME "geojson"
    DRIVER "OGR/GEOJSON"
    MIMETYPE "application/json"
    FORMATOPTION "STORAGE=stream"
    FORMATOPTION "FORM=SIMPLE"
  END
  
  SYMBOL
    NAME "circle"
    TYPE ELLIPSE
    FILLED TRUE
    POINTS
      1 1
    END
  END

  LAYER
    NAME "collection_points"
    STATUS DEFAULT
    TYPE POINT
    CONNECTIONTYPE POSTGIS
    CONNECTION "host=localhost dbname=IntegratedWasteManagementDB user=postgres password=emse2023"
    DATA "geom FROM \"collection_points\" USING UNIQUE id USING srid=4326"
    METADATA
      "wfs_fields" "id,city,code,postal_code,average_weight,name,latitude,longitude,address_1"
      "gml_include_items" "id,city,code,postal_code,average_weight,name,latitude,longitude,address_1"
      "wms_enable_request" "*"
    END
  END

  LAYER
    NAME "treatment_sites"
    STATUS DEFAULT
    TYPE POINT
    CONNECTIONTYPE POSTGIS
    CONNECTION "host=localhost dbname=IntegratedWasteManagementDB user=postgres password=emse2023"
    DATA "geom FROM \"treatment_sites\" USING UNIQUE id USING srid=4326"
    METADATA
      "wfs_fields" "id,code,name,address_1,address_2,postal_code,city,phone,email,latitude,longitude,fax,service_status,opening_date,closing_date,service_type_description"
      "gml_include_items" "id,code,name,address_1,address_2,postal_code,city,phone,email,latitude,longitude,fax,service_status,opening_date,closing_date,service_type_description"
      "wms_enable_request" "*"
    END
  END

  LAYER
    NAME "cities"
    STATUS DEFAULT
    TYPE POLYGON
    CONNECTIONTYPE POSTGIS
    CONNECTION "host=localhost dbname=IntegratedWasteManagementDB user=postgres password=emse2023"
    DATA "geom FROM \"city\" USING UNIQUE id USING srid=2154"
    PROJECTION
      "init=epsg:2154"
    END
    METADATA
      "wfs_fields" "id,insee_code,city_codeid,name,status,population,total_collection_point,total_weight_per_city,average_weight_per_city"
      "gml_include_items" "id,insee_code,city_codeid,name,status,population,total_collection_point,total_weight_per_city,average_weight_per_city"
      "wms_enable_request" "*"
    END
    CLASS
      STYLE
        OUTLINECOLOR 0 0 0
        COLOR 255 255 255
      END
    END
  END 
END


